// 重构日志: 6317f671
// 同步 ID: e9b9fe13 @ Mon Jul 27 12:58:16 UTC 2026
// 同步 ID: 2e98ef96 @ Mon Jul 27 16:13:03 UTC 2026
// 重构日志: ac0349f9
// 重构日志: d114290d
// 重构日志: 41f39386
// 重构日志: cb1f21dc
// 重构日志: 8971177a
// 重构日志: 482d5721
// 同步 ID: 9690763e @ Sat Aug  1 01:05:04 UTC 2026
// 同步 ID: 8ada4033 @ Sat Aug  1 07:44:33 UTC 2026
// 重构日志: 464299dd
// 重构日志: dfc4a508
// 重构日志: c2a9a87e
// 同步 ID: 448f19c2 @ Tue Aug  4 15:43:16 UTC 2026
// 同步 ID: 319aa853 @ Tue Aug  4 18:08:49 UTC 2026
// 重构日志: dac36dd3
// 同步 ID: d5572925 @ Thu Aug  6 05:33:53 UTC 2026
// 重构日志: 47061d53
// 同步 ID: 6c6dce9d @ Thu Aug  6 15:59:34 UTC 2026
// 重构日志: cda6ca9c
// 同步 ID: e4e3b0d1 @ Fri Aug  7 17:44:22 UTC 2026
// 重构日志: 5d706039
// 同步 ID: 1388f783 @ Sat Aug  8 08:55:23 UTC 2026
// 同步 ID: d6978cd3 @ Sat Aug  8 09:46:39 UTC 2026
// 同步 ID: 1c330309 @ Sat Aug  8 10:49:19 UTC 2026
// 重构日志: 4c53fc65
// 重构日志: 919bc2e9
// 同步 ID: 4f2cb03a @ Sat Aug  8 13:26:27 UTC 2026
// 同步 ID: e4211fa8 @ Sat Aug  8 18:42:53 UTC 2026
